// Jest Snapshot v1, https://goo.gl/fbAQLP

exports[`does a render 1`] = `
<div>
  <div
    className="Metis-game-row"
  >
    <div
      className="Metis-game-column"
    >
      <span
        className="Metis-plot-square"
        onClick={[Function]}
        style={
          Object {
            "backgroundColor": "white",
          }
        }
      />
    </div>
    <div
      className="Metis-game-column"
    >
      <span
        className="Metis-plot-square"
        onClick={[Function]}
        style={
          Object {
            "backgroundColor": "white",
          }
        }
      />
    </div>
    <div
      className="Metis-game-column"
    >
      <span
        className="Metis-plot-square"
        onClick={[Function]}
        style={
          Object {
            "backgroundColor": "white",
          }
        }
      />
    </div>
    <div
      className="Metis-game-column"
    >
      <span
        className="Metis-plot-square"
        onClick={[Function]}
        style={
          Object {
            "backgroundColor": "white",
          }
        }
      />
    </div>
    <div
      className="Metis-game-column"
    >
      <span
        className="Metis-plot-square"
        onClick={[Function]}
        style={
          Object {
            "backgroundColor": "white",
          }
        }
      />
    </div>
  </div>
  <div
    className="Metis-game-row"
  >
    <div
      className="Metis-game-column"
    >
      <span
        className="Metis-plot-square"
        onClick={[Function]}
        style={
          Object {
            "backgroundColor": "white",
          }
        }
      />
    </div>
    <div
      className="Metis-game-column"
    >
      <span
        className="Metis-plot-square"
        onClick={[Function]}
        style={
          Object {
            "backgroundColor": "white",
          }
        }
      />
    </div>
    <div
      className="Metis-game-column"
    >
      <span
        className="Metis-plot-square"
        onClick={[Function]}
        style={
          Object {
            "backgroundColor": "white",
          }
        }
      />
    </div>
    <div
      className="Metis-game-column"
    >
      <span
        className="Metis-plot-square"
        onClick={[Function]}
        style={
          Object {
            "backgroundColor": "white",
          }
        }
      />
    </div>
    <div
      className="Metis-game-column"
    >
      <span
        className="Metis-plot-square"
        onClick={[Function]}
        style={
          Object {
            "backgroundColor": "white",
          }
        }
      />
    </div>
  </div>
  <div
    className="Metis-game-row"
  >
    <div
      className="Metis-game-column"
    >
      <span
        className="Metis-plot-square"
        onClick={[Function]}
        style={
          Object {
            "backgroundColor": "white",
          }
        }
      />
    </div>
    <div
      className="Metis-game-column"
    >
      <span
        className="Metis-plot-square"
        onClick={[Function]}
        style={
          Object {
            "backgroundColor": "white",
          }
        }
      />
    </div>
    <div
      className="Metis-game-column"
    >
      <span
        className="Metis-plot-square"
        onClick={[Function]}
        style={
          Object {
            "backgroundColor": "white",
          }
        }
      />
    </div>
    <div
      className="Metis-game-column"
    >
      <span
        className="Metis-plot-square"
        onClick={[Function]}
        style={
          Object {
            "backgroundColor": "white",
          }
        }
      />
    </div>
    <div
      className="Metis-game-column"
    >
      <span
        className="Metis-plot-square"
        onClick={[Function]}
        style={
          Object {
            "backgroundColor": "white",
          }
        }
      />
    </div>
  </div>
  <div
    className="Metis-game-row"
  >
    <div
      className="Metis-game-column"
    >
      <span
        className="Metis-plot-square"
        onClick={[Function]}
        style={
          Object {
            "backgroundColor": "white",
          }
        }
      />
    </div>
    <div
      className="Metis-game-column"
    >
      <span
        className="Metis-plot-square"
        onClick={[Function]}
        style={
          Object {
            "backgroundColor": "white",
          }
        }
      />
    </div>
    <div
      className="Metis-game-column"
    >
      <span
        className="Metis-plot-square"
        onClick={[Function]}
        style={
          Object {
            "backgroundColor": "white",
          }
        }
      />
    </div>
    <div
      className="Metis-game-column"
    >
      <span
        className="Metis-plot-square"
        onClick={[Function]}
        style={
          Object {
            "backgroundColor": "white",
          }
        }
      />
    </div>
    <div
      className="Metis-game-column"
    >
      <span
        className="Metis-plot-square"
        onClick={[Function]}
        style={
          Object {
            "backgroundColor": "white",
          }
        }
      />
    </div>
  </div>
  <div
    className="Metis-game-row"
  >
    <div
      className="Metis-game-column"
    >
      <span
        className="Metis-plot-square"
        onClick={[Function]}
        style={
          Object {
            "backgroundColor": "white",
          }
        }
      />
    </div>
    <div
      className="Metis-game-column"
    >
      <span
        className="Metis-plot-square"
        onClick={[Function]}
        style={
          Object {
            "backgroundColor": "white",
          }
        }
      />
    </div>
    <div
      className="Metis-game-column"
    >
      <span
        className="Metis-plot-square"
        onClick={[Function]}
        style={
          Object {
            "backgroundColor": "white",
          }
        }
      />
    </div>
    <div
      className="Metis-game-column"
    >
      <span
        className="Metis-plot-square"
        onClick={[Function]}
        style={
          Object {
            "backgroundColor": "white",
          }
        }
      />
    </div>
    <div
      className="Metis-game-column"
    >
      <span
        className="Metis-plot-square"
        onClick={[Function]}
        style={
          Object {
            "backgroundColor": "white",
          }
        }
      />
    </div>
  </div>
  <div
    className="Metis-profit-info"
  >
    Expected profit: $0
  </div>
</div>
`;
